ASxxxx Linker V03.00 + NoICE + sdld,  page 1.
Hexadecimal  [32-Bits]

Area                                    Addr        Size        Decimal Bytes (Attributes)
--------------------------------        ----        ----        ------- ----- ------------
.  .ABS.                            00000000    00000000 =           0. bytes (ABS,CON)

      Value  Global                              Global Defined In Module
      -----  --------------------------------   ------------------------
     00000000  .__.ABS.                           
     00000000  ___bank_game_over                  game_over
     00000000  ___bank_map_canyon                 map_canyon
     00000000  ___bank_splash_logo                splash_logo
     00000000  ___bank_sprite_obstacles           sprite_obstacles
     00000000  ___bank_sprite_ship                sprite_ship
     00000000  ___bank_tiles_font_nums            tiles_font_nums
     00000000  _rRAMG                             
     00000000  l__BASE                         
     00000000  l__BSS                          
     00000000  l__CABS                         
     00000000  l__CODE_0                       
     00000000  l__DABS                         
     00000000  l__HEADER                       
     00000000  l__HEAP                         
     00000000  l__HEAP_END                     
     00000000  l__HRAM                         
     00000000  l__LIT                          
     00000000  s__CABS                         
     00000000  s__CABS0                        
     00000000  s__DABS                         
     00000000  s__HEADER                       
     00000000  s__HEADER0                      
     00000000  s__HEADER1                      
     00000000  s__HEADER10                     
     00000000  s__HEADER11                     
     00000000  s__HEADER2                      
     00000000  s__HEADER3                      
     00000000  s__HEADER4                      
     00000000  s__HEADER5                      
     00000000  s__HEADER6                      
     00000000  s__HEADER7                      
     00000000  s__HEADER8                      
     00000000  s__HEADER9                      
     00000000  s__HEADERa                      
     00000000  s__HEADERb                      
     00000000  s__HEADERc                      
     00000000  s__HEADERd                      
     00000000  s__HEADERe                      
     00000000  s__HEADERf                      
     00000000  s__HRAM                         
     00000000  s__HRAM12                       
     00000001  l__GSFINAL                      
     00000001  l__HEADER0                      
     00000001  l__HEADER11                     
     00000001  l__HEADER9                      
     00000001  l__HEADERa                      
     00000001  l__HEADERb                      
     00000001  l__HEADERd                      
     00000001  l__HEADERe                      
ASxxxx Linker V03.00 + NoICE + sdld,  page 2.
Hexadecimal  [32-Bits]

Area                                    Addr        Size        Decimal Bytes (Attributes)
--------------------------------        ----        ----        ------- ----- ------------
.  .ABS.                            00000000    00000000 =           0. bytes (ABS,CON)

      Value  Global                              Global Defined In Module
      -----  --------------------------------   ------------------------
     00000002  l__HEADER5                      
     00000002  l__HEADERc                      
     00000002  l__HEADERf                      
     00000003  l__CABS0                        
     00000003  l__HEADER8                      
     00000003  l__HRAM12                       
     00000005  l__HEADER1                      
     00000006  l__HEADER7                      
     00000007  l__HEADER2                      
     00000008  l__HEADER3                      
     00000009  l__INITIALIZED                  
     00000009  l__INITIALIZER                  
     0000000C  l__GSINIT                       
     00000030  l__HEADER6                      
     00000047  l__DATA                         
     0000004C  l__HEADER4                      
     00000084  l__HEADER10                     
     00000200  s__CODE                         
     000002A1  l__HOME                         
     00002000  _rROMB0                            
     00002DB4  l__CODE                         
     00002FB4  s__HOME                         
     00003000  _rROMB1                            
     00003255  s__BASE                         
     00003255  s__CODE_0                       
     00003255  s__INITIALIZER                  
     00003255  s__LIT                          
     0000325E  s__GSINIT                       
     0000326A  s__GSFINAL                      
     00004000  _rRAMB                             
     00008000  __VRAM                             
     00008000  __VRAM8000                         
     00008800  __VRAM8800                         
     00009000  __VRAM9000                         
     00009800  __SCRN0                            
     00009C00  __SCRN1                            
     0000A000  __SRAM                             
     0000C000  __RAM                              
     0000C000  _shadow_OAM                     
     0000C0A0  s__DATA                         
     0000C0E7  s__BSS                          
     0000C0E7  s__INITIALIZED                  
     0000C0F0  s__HEAP                         
     0000C0F0  s__HEAP_END                     
     0000D000  __RAMBANK                          
     0000E000  .STACK                          
     0000FE00  __OAMRAM                           
     0000FF00  _P1_REG                            
     0000FF00  __IO                               
     0000FF01  _SB_REG                            
     0000FF02  _SC_REG                            
ASxxxx Linker V03.00 + NoICE + sdld,  page 3.
Hexadecimal  [32-Bits]

Area                                    Addr        Size        Decimal Bytes (Attributes)
--------------------------------        ----        ----        ------- ----- ------------
.  .ABS.                            00000000    00000000 =           0. bytes (ABS,CON)

      Value  Global                              Global Defined In Module
      -----  --------------------------------   ------------------------
     0000FF04  _DIV_REG                           
     0000FF05  _TIMA_REG                          
     0000FF06  _TMA_REG                           
     0000FF07  _TAC_REG                           
     0000FF0F  _IF_REG                            
     0000FF10  _NR10_REG                          
     0000FF11  _NR11_REG                          
     0000FF12  _NR12_REG                          
     0000FF13  _NR13_REG                          
     0000FF14  _NR14_REG                          
     0000FF16  _NR21_REG                          
     0000FF17  _NR22_REG                          
     0000FF18  _NR23_REG                          
     0000FF19  _NR24_REG                          
     0000FF1A  _NR30_REG                          
     0000FF1B  _NR31_REG                          
     0000FF1C  _NR32_REG                          
     0000FF1D  _NR33_REG                          
     0000FF1E  _NR34_REG                          
     0000FF20  _NR41_REG                          
     0000FF21  _NR42_REG                          
     0000FF22  _NR43_REG                          
     0000FF23  _NR44_REG                          
     0000FF24  _NR50_REG                          
     0000FF25  _NR51_REG                          
     0000FF26  _NR52_REG                          
     0000FF30  _AUD3WAVE                          
     0000FF30  _PCM_SAMPLE                        
     0000FF30  __AUD3WAVERAM                      
     0000FF40  _LCDC_REG                          
     0000FF41  _STAT_REG                          
     0000FF42  _SCY_REG                           
     0000FF43  _SCX_REG                           
     0000FF44  _LY_REG                            
     0000FF45  _LYC_REG                           
     0000FF46  _DMA_REG                           
     0000FF47  _BGP_REG                           
     0000FF48  _OBP0_REG                          
     0000FF49  _OBP1_REG                          
     0000FF4A  _WY_REG                            
     0000FF4B  _WX_REG                            
     0000FF4D  _KEY1_REG                          
     0000FF4F  _VBK_REG                           
     0000FF51  _HDMA1_REG                         
     0000FF52  _HDMA2_REG                         
     0000FF53  _HDMA3_REG                         
     0000FF54  _HDMA4_REG                         
     0000FF55  _HDMA5_REG                         
     0000FF56  _RP_REG                            
     0000FF68  _BCPS_REG                          
     0000FF69  _BCPD_REG                          
ASxxxx Linker V03.00 + NoICE + sdld,  page 4.
Hexadecimal  [32-Bits]

Area                                    Addr        Size        Decimal Bytes (Attributes)
--------------------------------        ----        ----        ------- ----- ------------
.  .ABS.                            00000000    00000000 =           0. bytes (ABS,CON)

      Value  Global                              Global Defined In Module
      -----  --------------------------------   ------------------------
     0000FF6A  _OCPS_REG                          
     0000FF6B  _OCPD_REG                          
     0000FF70  _SVBK_REG                          
     0000FF76  _PCM12_REG                         
     0000FF77  _PCM34_REG                         
     0000FF80  .refresh_OAM                    
     0000FF80  __HRAM                             
     0000FFFF  _IE_REG                            

ASxxxx Linker V03.00 + NoICE + sdld,  page 5.
Hexadecimal  [32-Bits]

Area                                    Addr        Size        Decimal Bytes (Attributes)
--------------------------------        ----        ----        ------- ----- ------------
_CODE                               00000200    00002DB4 =       11700. bytes (REL,CON)

      Value  Global                              Global Defined In Module
      -----  --------------------------------   ------------------------
     00000200  A$entity_collisions$52             entity_collisions
     00000200  C$entity_collisions.c$24$0_0$130   entity_collisions
     00000200  G$check_collisions$0$0             entity_collisions
     00000200  _check_collisions                  entity_collisions
     00000202  A$entity_collisions$56             entity_collisions
     00000202  C$entity_collisions.c$34$1_0$130   entity_collisions
     00000205  A$entity_collisions$57             entity_collisions
     00000207  A$entity_collisions$58             entity_collisions
     00000208  A$entity_collisions$59             entity_collisions
     0000020B  A$entity_collisions$60             entity_collisions
     0000020C  A$entity_collisions$61             entity_collisions
     0000020D  A$entity_collisions$62             entity_collisions
     0000020E  A$entity_collisions$63             entity_collisions
     00000210  A$entity_collisions$64             entity_collisions
     00000211  A$entity_collisions$65             entity_collisions
     00000213  A$entity_collisions$66             entity_collisions
     00000214  A$entity_collisions$67             entity_collisions
     00000215  A$entity_collisions$68             entity_collisions
     00000216  A$entity_collisions$69             entity_collisions
     00000217  A$entity_collisions$70             entity_collisions
     00000218  A$entity_collisions$71             entity_collisions
     0000021A  A$entity_collisions$72             entity_collisions
     0000021B  A$entity_collisions$73             entity_collisions
     0000021D  A$entity_collisions$74             entity_collisions
     0000021E  A$entity_collisions$78             entity_collisions
     0000021E  C$entity_collisions.c$36$1_0$130   entity_collisions
     00000221  A$entity_collisions$79             entity_collisions
     00000223  A$entity_collisions$80             entity_collisions
     00000224  A$entity_collisions$81             entity_collisions
     00000225  A$entity_collisions$82             entity_collisions
     00000228  A$entity_collisions$83             entity_collisions
     00000229  A$entity_collisions$84             entity_collisions
     0000022A  A$entity_collisions$85             entity_collisions
     0000022B  A$entity_collisions$86             entity_collisions
     0000022C  A$entity_collisions$87             entity_collisions
     0000022E  A$entity_collisions$88             entity_collisions
     0000022F  A$entity_collisions$89             entity_collisions
     00000230  A$entity_collisions$90             entity_collisions
     00000231  A$entity_collisions$91             entity_collisions
     00000233  A$entity_collisions$92             entity_collisions
     00000234  A$entity_collisions$93             entity_collisions
     00000236  A$entity_collisions$94             entity_collisions
     00000237  A$entity_collisions$95             entity_collisions
     00000239  A$entity_collisions$96             entity_collisions
     0000023B  A$entity_collisions$97             entity_collisions
     0000023C  A$entity_collisions$98             entity_collisions
     0000023D  A$entity_collisions$99             entity_collisions
     0000023E  A$entity_collisions$100            entity_collisions
     0000023F  A$entity_collisions$101            entity_collisions
     00000241  A$entity_collisions$105            entity_collisions
ASxxxx Linker V03.00 + NoICE + sdld,  page 6.
Hexadecimal  [32-Bits]

Area                                    Addr        Size        Decimal Bytes (Attributes)
--------------------------------        ----        ----        ------- ----- ------------
_CODE                               00000200    00002DB4 =       11700. bytes (REL,CON)

      Value  Global                              Global Defined In Module
      -----  --------------------------------   ------------------------
     00000241  C$entity_collisions.c$38$2_0$131   entity_collisions
     00000243  A$entity_collisions$106            entity_collisions
     00000246  A$entity_collisions$111            entity_collisions
     00000246  C$entity_collisions.c$40$1_0$130   entity_collisions
     00000249  A$entity_collisions$112            entity_collisions
     0000024A  A$entity_collisions$113            entity_collisions
     0000024B  A$entity_collisions$114            entity_collisions
     0000024C  A$entity_collisions$115            entity_collisions
     0000024E  A$entity_collisions$116            entity_collisions
     0000024F  A$entity_collisions$117            entity_collisions
     00000250  A$entity_collisions$118            entity_collisions
     00000251  A$entity_collisions$119            entity_collisions
     00000253  A$entity_collisions$120            entity_collisions
     00000254  A$entity_collisions$121            entity_collisions
     00000256  A$entity_collisions$122            entity_collisions
     00000257  A$entity_collisions$123            entity_collisions
     00000259  A$entity_collisions$124            entity_collisions
     0000025C  A$entity_collisions$125            entity_collisions
     0000025D  A$entity_collisions$126            entity_collisions
     0000025E  A$entity_collisions$127            entity_collisions
     0000025F  A$entity_collisions$128            entity_collisions
     00000261  A$entity_collisions$129            entity_collisions
     00000262  A$entity_collisions$130            entity_collisions
     00000263  A$entity_collisions$131            entity_collisions
     00000264  A$entity_collisions$132            entity_collisions
     00000265  A$entity_collisions$133            entity_collisions
     00000266  A$entity_collisions$134            entity_collisions
     00000268  A$entity_collisions$138            entity_collisions
     00000268  C$entity_collisions.c$42$2_0$132   entity_collisions
     0000026A  A$entity_collisions$139            entity_collisions
     0000026D  A$entity_collisions$144            entity_collisions
     0000026D  C$entity_collisions.c$49$2_0$133   entity_collisions
     00000270  A$entity_collisions$145            entity_collisions
     00000271  A$entity_collisions$149            entity_collisions
     00000271  C$entity_collisions.c$51$3_1$134   entity_collisions
     00000274  A$entity_collisions$150            entity_collisions
     00000276  A$entity_collisions$151            entity_collisions
     00000277  A$entity_collisions$153            entity_collisions
     00000279  A$entity_collisions$154            entity_collisions
     0000027A  A$entity_collisions$155            entity_collisions
     0000027B  A$entity_collisions$156            entity_collisions
     0000027E  A$entity_collisions$160            entity_collisions
     0000027E  C$entity_collisions.c$54$3_1$135   entity_collisions
     00000280  A$entity_collisions$161            entity_collisions
     00000281  A$entity_collisions$162            entity_collisions
     00000282  A$entity_collisions$163            entity_collisions
     00000283  A$entity_collisions$164            entity_collisions
     00000284  A$entity_collisions$165            entity_collisions
     00000287  A$entity_collisions$166            entity_collisions
     00000288  A$entity_collisions$167            entity_collisions
     00000289  A$entity_collisions$168            entity_collisions
ASxxxx Linker V03.00 + NoICE + sdld,  page 7.
Hexadecimal  [32-Bits]

Area                                    Addr        Size        Decimal Bytes (Attributes)
--------------------------------        ----        ----        ------- ----- ------------
_CODE                               00000200    00002DB4 =       11700. bytes (REL,CON)

      Value  Global                              Global Defined In Module
      -----  --------------------------------   ------------------------
     0000028A  A$entity_collisions$169            entity_collisions
     0000028B  A$entity_collisions$170            entity_collisions
     0000028C  A$entity_collisions$171            entity_collisions
     0000028D  A$entity_collisions$172            entity_collisions
     0000028F  A$entity_collisions$173            entity_collisions
     00000290  A$entity_collisions$174            entity_collisions
     00000291  A$entity_collisions$178            entity_collisions
     00000291  C$entity_collisions.c$55$3_1$135   entity_collisions
     00000292  A$entity_collisions$179            entity_collisions
     00000293  A$entity_collisions$180            entity_collisions
     00000294  A$entity_collisions$181            entity_collisions
     00000296  A$entity_collisions$182            entity_collisions
     00000297  A$entity_collisions$186            entity_collisions
     00000297  C$entity_collisions.c$58$3_1$135   entity_collisions
     00000299  A$entity_collisions$187            entity_collisions
     0000029A  A$entity_collisions$188            entity_collisions
     0000029B  A$entity_collisions$189            entity_collisions
     0000029C  A$entity_collisions$190            entity_collisions
     0000029E  A$entity_collisions$191            entity_collisions
     0000029F  A$entity_collisions$192            entity_collisions
     000002A0  A$entity_collisions$193            entity_collisions
     000002A1  A$entity_collisions$194            entity_collisions
     000002A2  A$entity_collisions$195            entity_collisions
     000002A3  A$entity_collisions$196            entity_collisions
     000002A4  A$entity_collisions$197            entity_collisions
     000002A5  A$entity_collisions$198            entity_collisions
     000002A8  A$entity_collisions$199            entity_collisions
     000002A9  A$entity_collisions$200            entity_collisions
     000002AA  A$entity_collisions$201            entity_collisions
     000002AB  A$entity_collisions$202            entity_collisions
     000002AD  A$entity_collisions$203            entity_collisions
     000002AE  A$entity_collisions$204            entity_collisions
     000002AF  A$entity_collisions$205            entity_collisions
     000002B0  A$entity_collisions$206            entity_collisions
     000002B2  A$entity_collisions$207            entity_collisions
     000002B3  A$entity_collisions$208            entity_collisions
     000002B5  A$entity_collisions$209            entity_collisions
     000002B6  A$entity_collisions$210            entity_collisions
     000002B8  A$entity_collisions$211            entity_collisions
     000002BA  A$entity_collisions$212            entity_collisions
     000002BB  A$entity_collisions$213            entity_collisions
     000002BC  A$entity_collisions$214            entity_collisions
     000002BD  A$entity_collisions$215            entity_collisions
     000002BE  A$entity_collisions$216            entity_collisions
     000002BF  A$entity_collisions$217            entity_collisions
     000002C0  A$entity_collisions$218            entity_collisions
     000002C1  A$entity_collisions$219            entity_collisions
     000002C4  A$entity_collisions$220            entity_collisions
     000002C5  A$entity_collisions$221            entity_collisions
     000002C6  A$entity_collisions$222            entity_collisions
     000002C7  A$entity_collisions$223            entity_collisions
ASxxxx Linker V03.00 + NoICE + sdld,  page 8.
Hexadecimal  [32-Bits]

Area                                    Addr        Size        Decimal Bytes (Attributes)
--------------------------------        ----        ----        ------- ----- ------------
_CODE                               00000200    00002DB4 =       11700. bytes (REL,CON)

      Value  Global                              Global Defined In Module
      -----  --------------------------------   ------------------------
     000002C9  A$entity_collisions$224            entity_collisions
     000002CA  A$entity_collisions$225            entity_collisions
     000002CB  A$entity_collisions$226            entity_collisions
     000002CC  A$entity_collisions$227            entity_collisions
     000002CD  A$entity_collisions$228            entity_collisions
     000002CF  A$entity_collisions$232            entity_collisions
     000002CF  C$entity_collisions.c$61$4_1$136   entity_collisions
     000002D0  A$entity_collisions$233            entity_collisions
     000002D3  A$entity_collisions$238            entity_collisions
     000002D3  C$entity_collisions.c$68$3_1$135   entity_collisions
     000002D5  A$entity_collisions$239            entity_collisions
     000002D6  A$entity_collisions$240            entity_collisions
     000002D7  A$entity_collisions$241            entity_collisions
     000002D8  A$entity_collisions$242            entity_collisions
     000002DB  A$entity_collisions$243            entity_collisions
     000002DC  A$entity_collisions$244            entity_collisions
     000002DD  A$entity_collisions$245            entity_collisions
     000002DE  A$entity_collisions$246            entity_collisions
     000002E0  A$entity_collisions$247            entity_collisions
     000002E1  A$entity_collisions$248            entity_collisions
     000002E2  A$entity_collisions$249            entity_collisions
     000002E3  A$entity_collisions$250            entity_collisions
     000002E5  A$entity_collisions$251            entity_collisions
     000002E6  A$entity_collisions$252            entity_collisions
     000002E7  A$entity_collisions$253            entity_collisions
     000002E8  A$entity_collisions$254            entity_collisions
     000002E9  A$entity_collisions$255            entity_collisions
     000002EA  A$entity_collisions$256            entity_collisions
     000002EB  A$entity_collisions$257            entity_collisions
     000002EE  A$entity_collisions$258            entity_collisions
     000002EF  A$entity_collisions$259            entity_collisions
     000002F0  A$entity_collisions$260            entity_collisions
     000002F1  A$entity_collisions$261            entity_collisions
     000002F3  A$entity_collisions$262            entity_collisions
     000002F4  A$entity_collisions$263            entity_collisions
     000002F5  A$entity_collisions$264            entity_collisions
     000002F6  A$entity_collisions$265            entity_collisions
     000002F7  A$entity_collisions$266            entity_collisions
     000002F8  A$entity_collisions$267            entity_collisions
     000002FA  A$entity_collisions$271            entity_collisions
     000002FA  C$entity_collisions.c$71$4_1$137   entity_collisions
     000002FD  A$entity_collisions$272            entity_collisions
     000002FE  A$entity_collisions$273            entity_collisions
     000002FF  A$entity_collisions$274            entity_collisions
     00000300  A$entity_collisions$275            entity_collisions
     00000302  A$entity_collisions$276            entity_collisions
     00000303  A$entity_collisions$277            entity_collisions
     00000305  A$entity_collisions$278            entity_collisions
     00000306  A$entity_collisions$279            entity_collisions
     00000307  A$entity_collisions$280            entity_collisions
     00000308  A$entity_collisions$281            entity_collisions
ASxxxx Linker V03.00 + NoICE + sdld,  page 9.
Hexadecimal  [32-Bits]

Area                                    Addr        Size        Decimal Bytes (Attributes)
--------------------------------        ----        ----        ------- ----- ------------
_CODE                               00000200    00002DB4 =       11700. bytes (REL,CON)

      Value  Global                              Global Defined In Module
      -----  --------------------------------   ------------------------
     00000309  A$entity_collisions$282            entity_collisions
     0000030A  A$entity_collisions$283            entity_collisions
     0000030C  A$entity_collisions$284            entity_collisions
     0000030D  A$entity_collisions$285            entity_collisions
     0000030E  A$entity_collisions$289            entity_collisions
     0000030E  C$entity_collisions.c$73$4_1$137   entity_collisions
     00000311  A$entity_collisions$290            entity_collisions
     00000313  A$entity_collisions$291            entity_collisions
     00000314  A$entity_collisions$292            entity_collisions
     00000316  A$entity_collisions$293            entity_collisions
     00000317  A$entity_collisions$294            entity_collisions
     00000318  A$entity_collisions$295            entity_collisions
     00000319  A$entity_collisions$296            entity_collisions
     0000031A  A$entity_collisions$297            entity_collisions
     0000031B  A$entity_collisions$298            entity_collisions
     0000031D  A$entity_collisions$299            entity_collisions
     0000031E  A$entity_collisions$303            entity_collisions
     0000031E  C$entity_collisions.c$74$4_1$137   entity_collisions
     00000321  A$entity_collisions$304            entity_collisions
     00000323  A$entity_collisions$305            entity_collisions
     00000324  A$entity_collisions$306            entity_collisions
     00000326  A$entity_collisions$307            entity_collisions
     00000327  A$entity_collisions$308            entity_collisions
     00000328  A$entity_collisions$309            entity_collisions
     00000329  A$entity_collisions$310            entity_collisions
     0000032A  A$entity_collisions$311            entity_collisions
     0000032B  A$entity_collisions$312            entity_collisions
     0000032C  A$entity_collisions$316            entity_collisions
     0000032C  C$entity_collisions.c$78$4_1$137   entity_collisions
     0000032E  A$entity_collisions$317            entity_collisions
     0000032F  A$entity_collisions$318            entity_collisions
     00000331  A$entity_collisions$319            entity_collisions
     00000333  A$entity_collisions$320            entity_collisions
     00000334  A$entity_collisions$321            entity_collisions
     00000335  A$entity_collisions$322            entity_collisions
     00000336  A$entity_collisions$323            entity_collisions
     00000337  A$entity_collisions$324            entity_collisions
     00000339  A$entity_collisions$328            entity_collisions
     00000339  C$entity_collisions.c$79$4_1$137   entity_collisions
     0000033B  A$entity_collisions$329            entity_collisions
     0000033D  A$entity_collisions$330            entity_collisions
     0000033E  A$entity_collisions$331            entity_collisions
     0000033F  A$entity_collisions$332            entity_collisions
     00000340  A$entity_collisions$333            entity_collisions
     00000341  A$entity_collisions$334            entity_collisions
     00000342  A$entity_collisions$335            entity_collisions
     00000344  A$entity_collisions$339            entity_collisions
     00000344  C$entity_collisions.c$81$5_1$138   entity_collisions
     00000346  A$entity_collisions$340            entity_collisions
     00000348  A$entity_collisions$345            entity_collisions
     00000348  C$entity_collisions.c$86$3_1$135   entity_collisions
ASxxxx Linker V03.00 + NoICE + sdld,  page 10.
Hexadecimal  [32-Bits]

Area                                    Addr        Size        Decimal Bytes (Attributes)
--------------------------------        ----        ----        ------- ----- ------------
_CODE                               00000200    00002DB4 =       11700. bytes (REL,CON)

      Value  Global                              Global Defined In Module
      -----  --------------------------------   ------------------------
     00000349  A$entity_collisions$349            entity_collisions
     00000349  C$entity_collisions.c$87$3_1$135   entity_collisions
     0000034A  A$entity_collisions$353            entity_collisions
     0000034A  C$entity_collisions.c$88$3_1$135   entity_collisions
     0000034C  A$entity_collisions$354            entity_collisions
     0000034E  A$entity_collisions$355            entity_collisions
     0000034F  A$entity_collisions$360            entity_collisions
     0000034F  C$entity_collisions.c$51$2_1$134   entity_collisions
     00000351  A$entity_collisions$361            entity_collisions
     00000352  A$entity_collisions$362            entity_collisions
     00000355  A$entity_collisions$367            entity_collisions
     00000355  C$entity_collisions.c$91$1_1$133   entity_collisions
     00000356  A$entity_collisions$372            entity_collisions
     00000358  A$entity_collisions$377            entity_collisions
     00000358  C$entity_collisions.c$92$1_1$130   entity_collisions
     00000358  XG$check_collisions$0$0            entity_collisions
     00000359  A$entity_obstacles$89              entity_obstacles
     00000359  C$entity_obstacles.c$42$0_0$138    entity_obstacles
     00000359  C$entity_obstacles.c$48$1_0$138    entity_obstacles
     00000359  Fentity_obstacles$queue_next$0$0   entity_obstacles
     0000035C  A$entity_obstacles$93              entity_obstacles
     0000035C  C$entity_obstacles.c$49$1_0$138    entity_obstacles
     0000035D  A$entity_obstacles$94              entity_obstacles
     0000035F  A$entity_obstacles$95              entity_obstacles
     00000362  A$entity_obstacles$99              entity_obstacles
     00000362  C$entity_obstacles.c$52$1_0$138    entity_obstacles
     00000364  A$entity_obstacles$100             entity_obstacles
     00000366  A$entity_obstacles$101             entity_obstacles
     00000369  A$entity_obstacles$102             entity_obstacles
     0000036A  A$entity_obstacles$103             entity_obstacles
     0000036C  A$entity_obstacles$107             entity_obstacles
     0000036C  C$entity_obstacles.c$53$2_0$139    entity_obstacles
     0000036F  A$entity_obstacles$108             entity_obstacles
     00000371  A$entity_obstacles$112             entity_obstacles
     00000371  C$entity_obstacles.c$54$2_0$139    entity_obstacles
     00000374  A$entity_obstacles$113             entity_obstacles
     00000376  A$entity_obstacles$114             entity_obstacles
     00000377  A$entity_obstacles$119             entity_obstacles
     00000377  C$entity_obstacles.c$57$2_0$140    entity_obstacles
     0000037A  A$entity_obstacles$120             entity_obstacles
     0000037B  A$entity_obstacles$121             entity_obstacles
     0000037D  A$entity_obstacles$122             entity_obstacles
     0000037F  A$entity_obstacles$123             entity_obstacles
     00000382  A$entity_obstacles$127             entity_obstacles
     00000382  C$entity_obstacles.c$58$2_0$140    entity_obstacles
     00000385  A$entity_obstacles$128             entity_obstacles
     00000387  A$entity_obstacles$136             entity_obstacles
     00000387  C$entity_obstacles.c$60$1_0$138    entity_obstacles
     00000387  XFentity_obstacles$queue_next$0$   entity_obstacles
     00000388  G$obstacles_x_hitbox_left$0_0$0    entity_obstacles
     00000388  _obstacles_x_hitbox_left           entity_obstacles
ASxxxx Linker V03.00 + NoICE + sdld,  page 11.
Hexadecimal  [32-Bits]

Area                                    Addr        Size        Decimal Bytes (Attributes)
--------------------------------        ----        ----        ------- ----- ------------
_CODE                               00000200    00002DB4 =       11700. bytes (REL,CON)

      Value  Global                              Global Defined In Module
      -----  --------------------------------   ------------------------
     0000038C  G$obstacles_x_hitbox_right$0_0$0   entity_obstacles
     0000038C  _obstacles_x_hitbox_right          entity_obstacles
     00000390  A$entity_obstacles$161             entity_obstacles
     00000390  C$entity_obstacles.c$63$1_0$142    entity_obstacles
     00000390  C$entity_obstacles.c$64$1_0$142    entity_obstacles
     00000390  G$entity_obstacles_init$0$0        entity_obstacles
     00000390  _entity_obstacles_init             entity_obstacles
     00000393  A$entity_obstacles$162             entity_obstacles
     00000395  A$entity_obstacles$166             entity_obstacles
     00000395  C$entity_obstacles.c$65$1_0$142    entity_obstacles
     00000398  A$entity_obstacles$167             entity_obstacles
     0000039A  A$entity_obstacles$171             entity_obstacles
     0000039A  C$entity_obstacles.c$66$1_0$142    entity_obstacles
     0000039D  A$entity_obstacles$172             entity_obstacles
     0000039F  A$entity_obstacles$176             entity_obstacles
     0000039F  C$entity_obstacles.c$67$1_0$142    entity_obstacles
     000003A2  A$entity_obstacles$177             entity_obstacles
     000003A4  A$entity_obstacles$179             entity_obstacles
     000003A7  A$entity_obstacles$181             entity_obstacles
     000003A8  A$entity_obstacles$182             entity_obstacles
     000003AA  A$entity_obstacles$183             entity_obstacles
     000003AD  A$entity_obstacles$185             entity_obstacles
     000003AF  A$entity_obstacles$186             entity_obstacles
     000003B1  A$entity_obstacles$187             entity_obstacles
     000003B4  A$entity_obstacles$188             entity_obstacles
     000003B5  A$entity_obstacles$189             entity_obstacles
     000003B7  A$entity_obstacles$191             entity_obstacles
     000003BA  A$entity_obstacles$192             entity_obstacles
     000003BC  A$entity_obstacles$194             entity_obstacles
     000003BF  A$entity_obstacles$195             entity_obstacles
     000003C1  A$entity_obstacles$196             entity_obstacles
     000003C2  A$entity_obstacles$199             entity_obstacles
     000003C5  A$entity_obstacles$200             entity_obstacles
     000003C6  A$entity_obstacles$201             entity_obstacles
     000003C8  A$entity_obstacles$202             entity_obstacles
     000003CA  A$entity_obstacles$203             entity_obstacles
     000003CD  A$entity_obstacles$205             entity_obstacles
     000003D0  A$entity_obstacles$206             entity_obstacles
     000003D2  A$entity_obstacles$217             entity_obstacles
     000003D2  C$entity_obstacles.c$68$3_0$142    entity_obstacles
     000003D2  C$entity_obstacles.c$69$3_0$142    entity_obstacles
     000003D2  XG$entity_obstacles_init$0$0       entity_obstacles
     000003D3  A$entity_obstacles$227             entity_obstacles
     000003D3  C$entity_obstacles.c$74$3_0$149    entity_obstacles
     000003D3  G$entity_obstacles_update$0$0      entity_obstacles
     000003D3  _entity_obstacles_update           entity_obstacles
     000003D5  A$entity_obstacles$228             entity_obstacles
     000003D7  A$entity_obstacles$229             entity_obstacles
     000003D8  A$entity_obstacles$233             entity_obstacles
     000003D8  C$entity_obstacles.c$80$2_0$149    entity_obstacles
     000003DB  A$entity_obstacles$234             entity_obstacles
ASxxxx Linker V03.00 + NoICE + sdld,  page 12.
Hexadecimal  [32-Bits]

Area                                    Addr        Size        Decimal Bytes (Attributes)
--------------------------------        ----        ----        ------- ----- ------------
_CODE                               00000200    00002DB4 =       11700. bytes (REL,CON)

      Value  Global                              Global Defined In Module
      -----  --------------------------------   ------------------------
     000003DD  A$entity_obstacles$235             entity_obstacles
     000003DE  A$entity_obstacles$239             entity_obstacles
     000003DE  C$entity_obstacles.c$81$3_0$150    entity_obstacles
     000003E1  A$entity_obstacles$240             entity_obstacles
     000003E3  A$entity_obstacles$241             entity_obstacles
     000003E4  A$entity_obstacles$243             entity_obstacles
     000003E6  A$entity_obstacles$244             entity_obstacles
     000003E7  A$entity_obstacles$245             entity_obstacles
     000003E8  A$entity_obstacles$246             entity_obstacles
     000003EB  A$entity_obstacles$250             entity_obstacles
     000003EB  C$entity_obstacles.c$83$3_0$151    entity_obstacles
     000003EC  A$entity_obstacles$251             entity_obstacles
     000003ED  A$entity_obstacles$252             entity_obstacles
     000003EF  A$entity_obstacles$253             entity_obstacles
     000003F0  A$entity_obstacles$254             entity_obstacles
     000003F1  A$entity_obstacles$255             entity_obstacles
     000003F2  A$entity_obstacles$256             entity_obstacles
     000003F3  A$entity_obstacles$257             entity_obstacles
     000003F4  A$entity_obstacles$258             entity_obstacles
     000003F5  A$entity_obstacles$259             entity_obstacles
     000003F6  A$entity_obstacles$260             entity_obstacles
     000003F7  A$entity_obstacles$261             entity_obstacles
     000003F8  A$entity_obstacles$262             entity_obstacles
     000003FB  A$entity_obstacles$263             entity_obstacles
     000003FC  A$entity_obstacles$264             entity_obstacles
     000003FD  A$entity_obstacles$265             entity_obstacles
     000003FE  A$entity_obstacles$266             entity_obstacles
     00000400  A$entity_obstacles$267             entity_obstacles
     00000401  A$entity_obstacles$268             entity_obstacles
     00000402  A$entity_obstacles$269             entity_obstacles
     00000403  A$entity_obstacles$270             entity_obstacles
     00000405  A$entity_obstacles$271             entity_obstacles
     00000406  A$entity_obstacles$272             entity_obstacles
     00000407  A$entity_obstacles$273             entity_obstacles
     00000408  A$entity_obstacles$274             entity_obstacles
     00000409  A$entity_obstacles$275             entity_obstacles
     0000040A  A$entity_obstacles$276             entity_obstacles
     0000040B  A$entity_obstacles$277             entity_obstacles
     0000040C  A$entity_obstacles$278             entity_obstacles
     0000040D  A$entity_obstacles$279             entity_obstacles
     0000040E  A$entity_obstacles$280             entity_obstacles
     00000411  A$entity_obstacles$281             entity_obstacles
     00000412  A$entity_obstacles$282             entity_obstacles
     00000413  A$entity_obstacles$283             entity_obstacles
     00000414  A$entity_obstacles$284             entity_obstacles
     00000416  A$entity_obstacles$285             entity_obstacles
     00000417  A$entity_obstacles$286             entity_obstacles
     00000418  A$entity_obstacles$287             entity_obstacles
     00000419  A$entity_obstacles$288             entity_obstacles
     0000041A  A$entity_obstacles$289             entity_obstacles
     0000041B  A$entity_obstacles$290             entity_obstacles
ASxxxx Linker V03.00 + NoICE + sdld,  page 13.
Hexadecimal  [32-Bits]

Area                                    Addr        Size        Decimal Bytes (Attributes)
--------------------------------        ----        ----        ------- ----- ------------
_CODE                               00000200    00002DB4 =       11700. bytes (REL,CON)

      Value  Global                              Global Defined In Module
      -----  --------------------------------   ------------------------
     0000041C  A$entity_obstacles$294             entity_obstacles
     0000041C  C$entity_obstacles.c$84$3_1$152    entity_obstacles
     0000041E  A$entity_obstacles$295             entity_obstacles
     0000041F  A$entity_obstacles$296             entity_obstacles
     00000420  A$entity_obstacles$300             entity_obstacles
     00000420  C$entity_obstacles.c$85$3_1$152    entity_obstacles
     00000421  A$entity_obstacles$301             entity_obstacles
     00000422  A$entity_obstacles$302             entity_obstacles
     00000423  A$entity_obstacles$303             entity_obstacles
     00000424  A$entity_obstacles$304             entity_obstacles
     00000425  A$entity_obstacles$305             entity_obstacles
     00000426  A$entity_obstacles$306             entity_obstacles
     00000427  A$entity_obstacles$307             entity_obstacles
     00000428  A$entity_obstacles$308             entity_obstacles
     00000429  A$entity_obstacles$309             entity_obstacles
     0000042A  A$entity_obstacles$310             entity_obstacles
     0000042B  A$entity_obstacles$311             entity_obstacles
     0000042C  A$entity_obstacles$312             entity_obstacles
     0000042D  A$entity_obstacles$316             entity_obstacles
     0000042D  C$entity_obstacles.c$87$3_1$152    entity_obstacles
     0000042F  A$entity_obstacles$317             entity_obstacles
     00000430  A$entity_obstacles$318             entity_obstacles
     00000432  A$entity_obstacles$322             entity_obstacles
     00000432  C$entity_obstacles.c$91$4_1$153    entity_obstacles
     00000435  A$entity_obstacles$323             entity_obstacles
     00000436  A$entity_obstacles$327             entity_obstacles
     00000436  C$entity_obstacles.c$98$4_1$153    entity_obstacles
     00000439  A$entity_obstacles$328             entity_obstacles
     0000043B  A$entity_obstacles$329             entity_obstacles
     0000043D  A$entity_obstacles$330             entity_obstacles
     0000043F  A$entity_obstacles$331             entity_obstacles
     00000441  A$entity_obstacles$336             entity_obstacles
     00000441  C$entity_obstacles.c$99$5_1$154    entity_obstacles
     00000444  A$entity_obstacles$337             entity_obstacles
     00000445  A$entity_obstacles$338             entity_obstacles
     00000448  A$entity_obstacles$339             entity_obstacles
     00000449  A$entity_obstacles$340             entity_obstacles
     0000044C  A$entity_obstacles$341             entity_obstacles
     0000044E  A$entity_obstacles$345             entity_obstacles
     0000044E  C$entity_obstacles.c$100$5_1$154   entity_obstacles
     00000451  A$entity_obstacles$350             entity_obstacles
     00000451  C$entity_obstacles.c$104$4_1$153   entity_obstacles
     00000454  A$entity_obstacles$351             entity_obstacles
     00000455  A$entity_obstacles$355             entity_obstacles
     00000455  C$entity_obstacles.c$105$4_1$153   entity_obstacles
     00000456  A$entity_obstacles$356             entity_obstacles
     00000458  A$entity_obstacles$357             entity_obstacles
     0000045A  A$entity_obstacles$361             entity_obstacles
     0000045A  C$entity_obstacles.c$106$4_1$153   entity_obstacles
     0000045D  A$entity_obstacles$362             entity_obstacles
     0000045F  A$entity_obstacles$363             entity_obstacles
ASxxxx Linker V03.00 + NoICE + sdld,  page 14.
Hexadecimal  [32-Bits]

Area                                    Addr        Size        Decimal Bytes (Attributes)
--------------------------------        ----        ----        ------- ----- ------------
_CODE                               00000200    00002DB4 =       11700. bytes (REL,CON)

      Value  Global                              Global Defined In Module
      -----  --------------------------------   ------------------------
     00000461  A$entity_obstacles$366             entity_obstacles
     00000464  A$entity_obstacles$367             entity_obstacles
     00000465  A$entity_obstacles$368             entity_obstacles
     00000466  A$entity_obstacles$369             entity_obstacles
     00000467  A$entity_obstacles$370             entity_obstacles
     00000468  A$entity_obstacles$371             entity_obstacles
     0000046A  A$entity_obstacles$372             entity_obstacles
     0000046B  A$entity_obstacles$373             entity_obstacles
     0000046C  A$entity_obstacles$374             entity_obstacles
     0000046D  A$entity_obstacles$375             entity_obstacles
     0000046F  A$entity_obstacles$376             entity_obstacles
     00000470  A$entity_obstacles$377             entity_obstacles
     00000472  A$entity_obstacles$379             entity_obstacles
     00000473  A$entity_obstacles$380             entity_obstacles
     00000474  A$entity_obstacles$381             entity_obstacles
     00000476  A$entity_obstacles$382             entity_obstacles
     00000477  A$entity_obstacles$383             entity_obstacles
     0000047A  A$entity_obstacles$384             entity_obstacles
     0000047B  A$entity_obstacles$385             entity_obstacles
     0000047C  A$entity_obstacles$386             entity_obstacles
     0000047D  A$entity_obstacles$391             entity_obstacles
     0000047E  A$entity_obstacles$392             entity_obstacles
     0000047F  A$entity_obstacles$393             entity_obstacles
     00000482  A$entity_obstacles$394             entity_obstacles
     00000483  A$entity_obstacles$395             entity_obstacles
     00000484  A$entity_obstacles$396             entity_obstacles
     00000485  A$entity_obstacles$398             entity_obstacles
     00000488  A$entity_obstacles$399             entity_obstacles
     0000048A  A$entity_obstacles$401             entity_obstacles
     0000048B  A$entity_obstacles$402             entity_obstacles
     0000048C  A$entity_obstacles$403             entity_obstacles
     0000048D  A$entity_obstacles$404             entity_obstacles
     0000048F  A$entity_obstacles$405             entity_obstacles
     00000490  A$entity_obstacles$406             entity_obstacles
     00000491  A$entity_obstacles$407             entity_obstacles
     00000492  A$entity_obstacles$408             entity_obstacles
     00000493  A$entity_obstacles$409             entity_obstacles
     00000496  A$entity_obstacles$410             entity_obstacles
     00000498  A$entity_obstacles$411             entity_obstacles
     00000499  A$entity_obstacles$415             entity_obstacles
     00000499  C$entity_obstacles.c$117$6_1$159   entity_obstacles
     0000049B  A$entity_obstacles$416             entity_obstacles
     0000049C  A$entity_obstacles$417             entity_obstacles
     0000049D  A$entity_obstacles$422             entity_obstacles
     0000049D  C$entity_obstacles.c$124$3_1$152   entity_obstacles
     0000049F  A$entity_obstacles$423             entity_obstacles
     000004A0  A$entity_obstacles$424             entity_obstacles
     000004A1  A$entity_obstacles$425             entity_obstacles
     000004A3  A$entity_obstacles$429             entity_obstacles
     000004A3  C$entity_obstacles.c$125$3_1$152   entity_obstacles
     000004A5  A$entity_obstacles$430             entity_obstacles
ASxxxx Linker V03.00 + NoICE + sdld,  page 15.
Hexadecimal  [32-Bits]

Area                                    Addr        Size        Decimal Bytes (Attributes)
--------------------------------        ----        ----        ------- ----- ------------
_CODE                               00000200    00002DB4 =       11700. bytes (REL,CON)

      Value  Global                              Global Defined In Module
      -----  --------------------------------   ------------------------
     000004A7  A$entity_obstacles$435             entity_obstacles
     000004A7  C$entity_obstacles.c$127$3_1$152   entity_obstacles
     000004A9  A$entity_obstacles$436             entity_obstacles
     000004AA  A$entity_obstacles$441             entity_obstacles
     000004AA  C$entity_obstacles.c$81$2_0$150    entity_obstacles
     000004AC  A$entity_obstacles$442             entity_obstacles
     000004AD  A$entity_obstacles$443             entity_obstacles
     000004B0  A$entity_obstacles$448             entity_obstacles
     000004B0  C$entity_obstacles.c$133$1_0$149   entity_obstacles
     000004B3  A$entity_obstacles$449             entity_obstacles
     000004B5  A$entity_obstacles$450             entity_obstacles
     000004B8  A$entity_obstacles$454             entity_obstacles
     000004B8  C$entity_obstacles.c$136$2_0$156   entity_obstacles
     000004BB  A$entity_obstacles$455             entity_obstacles
     000004BC  A$entity_obstacles$456             entity_obstacles
     000004BD  A$entity_obstacles$457             entity_obstacles
     000004BF  A$entity_obstacles$461             entity_obstacles
     000004BF  C$entity_obstacles.c$138$2_0$156   entity_obstacles
     000004C0  A$entity_obstacles$462             entity_obstacles
     000004C2  A$entity_obstacles$467             entity_obstacles
     000004C2  C$entity_obstacles.c$141$3_0$157   entity_obstacles
     000004C5  A$entity_obstacles$468             entity_obstacles
     000004C6  A$entity_obstacles$472             entity_obstacles
     000004C6  C$entity_obstacles.c$144$3_0$157   entity_obstacles
     000004C9  A$entity_obstacles$473             entity_obstacles
     000004CA  A$entity_obstacles$477             entity_obstacles
     000004CA  C$entity_obstacles.c$145$3_0$157   entity_obstacles
     000004CB  A$entity_obstacles$478             entity_obstacles
     000004CD  A$entity_obstacles$479             entity_obstacles
     000004CF  A$entity_obstacles$483             entity_obstacles
     000004CF  C$entity_obstacles.c$146$3_0$157   entity_obstacles
     000004D2  A$entity_obstacles$484             entity_obstacles
     000004D4  A$entity_obstacles$489             entity_obstacles
     000004D4  C$entity_obstacles.c$149$3_0$157   entity_obstacles
     000004D7  A$entity_obstacles$490             entity_obstacles
     000004D8  A$entity_obstacles$491             entity_obstacles
     000004DA  A$entity_obstacles$492             entity_obstacles
     000004DB  A$entity_obstacles$493             entity_obstacles
     000004DC  A$entity_obstacles$494             entity_obstacles
     000004DD  A$entity_obstacles$495             entity_obstacles
     000004DE  A$entity_obstacles$496             entity_obstacles
     000004E1  A$entity_obstacles$497             entity_obstacles
     000004E2  A$entity_obstacles$498             entity_obstacles
     000004E3  A$entity_obstacles$499             entity_obstacles
     000004E4  A$entity_obstacles$500             entity_obstacles
     000004E5  A$entity_obstacles$504             entity_obstacles
     000004E5  C$entity_obstacles.c$150$3_0$157   entity_obstacles
     000004E8  A$entity_obstacles$505             entity_obstacles
     000004E9  A$entity_obstacles$506             entity_obstacles
     000004EB  A$entity_obstacles$507             entity_obstacles
     000004EC  A$entity_obstacles$508             entity_obstacles
ASxxxx Linker V03.00 + NoICE + sdld,  page 16.
Hexadecimal  [32-Bits]

Area                                    Addr        Size        Decimal Bytes (Attributes)
--------------------------------        ----        ----        ------- ----- ------------
_CODE                               00000200    00002DB4 =       11700. bytes (REL,CON)

      Value  Global                              Global Defined In Module
      -----  --------------------------------   ------------------------
     000004ED  A$entity_obstacles$509             entity_obstacles
     000004EE  A$entity_obstacles$510             entity_obstacles
     000004EF  A$entity_obstacles$511             entity_obstacles
     000004F2  A$entity_obstacles$512             entity_obstacles
     000004F3  A$entity_obstacles$513             entity_obstacles
     000004F4  A$entity_obstacles$514             entity_obstacles
     000004F5  A$entity_obstacles$515             entity_obstacles
     000004F6  A$entity_obstacles$516             entity_obstacles
     000004F7  A$entity_obstacles$517             entity_obstacles
     000004FA  A$entity_obstacles$518             entity_obstacles
     000004FB  A$entity_obstacles$522             entity_obstacles
     000004FB  C$entity_obstacles.c$153$3_0$157   entity_obstacles
     000004FE  A$entity_obstacles$523             entity_obstacles
     000004FF  A$entity_obstacles$524             entity_obstacles
     00000501  A$entity_obstacles$528             entity_obstacles
     00000501  C$entity_obstacles.c$154$3_0$157   entity_obstacles
     00000504  A$entity_obstacles$529             entity_obstacles
     00000507  A$entity_obstacles$532             entity_obstacles
     0000050A  A$entity_obstacles$534             entity_obstacles
     0000050B  A$entity_obstacles$535             entity_obstacles
     0000050D  A$entity_obstacles$536             entity_obstacles
     00000510  A$entity_obstacles$538             entity_obstacles
     00000512  A$entity_obstacles$539             entity_obstacles
     00000514  A$entity_obstacles$540             entity_obstacles
     00000517  A$entity_obstacles$541             entity_obstacles
     00000518  A$entity_obstacles$542             entity_obstacles
     0000051A  A$entity_obstacles$544             entity_obstacles
     0000051D  A$entity_obstacles$545             entity_obstacles
     0000051F  A$entity_obstacles$547             entity_obstacles
     00000522  A$entity_obstacles$548             entity_obstacles
     00000524  A$entity_obstacles$549             entity_obstacles
     00000526  A$entity_obstacles$552             entity_obstacles
     00000529  A$entity_obstacles$553             entity_obstacles
     0000052A  A$entity_obstacles$554             entity_obstacles
     0000052C  A$entity_obstacles$555             entity_obstacles
     0000052E  A$entity_obstacles$556             entity_obstacles
     00000531  A$entity_obstacles$558             entity_obstacles
     00000534  A$entity_obstacles$559             entity_obstacles
     00000536  A$entity_obstacles$567             entity_obstacles
     00000536  C$entity_obstacles.c$157$1_0$149   entity_obstacles
     00000536  C$entity_obstacles.c$161$1_0$149   entity_obstacles
     00000538  A$entity_obstacles$568             entity_obstacles
     00000539  A$entity_obstacles$572             entity_obstacles
     0000053B  A$entity_obstacles$577             entity_obstacles
     0000053B  C$entity_obstacles.c$162$1_0$149   entity_obstacles
     0000053B  XG$entity_obstacles_update$0$0     entity_obstacles
     0000053C  A$main$78                          main
     0000053C  C$main.c$23$0_0$136                main
     0000053C  C$main.c$25$1_0$136                main
     0000053C  G$init_gfx$0$0                     main
     0000053C  _init_gfx                          main
ASxxxx Linker V03.00 + NoICE + sdld,  page 17.
Hexadecimal  [32-Bits]

Area                                    Addr        Size        Decimal Bytes (Attributes)
--------------------------------        ----        ----        ------- ----- ------------
_CODE                               00000200    00002DB4 =       11700. bytes (REL,CON)

      Value  Global                              Global Defined In Module
      -----  --------------------------------   ------------------------
     0000053E  A$main$79                          main
     00000541  A$main$83                          main
     00000541  C$main.c$27$1_0$136                main
     00000544  A$main$84                          main
     00000546  A$main$88                          main
     00000546  C$main.c$28$1_0$136                main
     00000549  A$main$89                          main
     0000054B  A$main$93                          main
     0000054B  C$main.c$30$1_0$136                main
     0000054C  A$main$94                          main
     0000054F  A$main$95                          main
     00000552  A$main$99                          main
     00000552  C$main.c$32$1_0$136                main
     00000554  A$main$100                         main
     00000556  A$main$101                         main
     00000558  A$main$105                         main
     00000558  C$main.c$33$1_0$136                main
     0000055A  A$main$106                         main
     0000055C  A$main$107                         main
     0000055E  A$main$111                         main
     0000055E  C$main.c$34$1_0$136                main
     00000560  A$main$112                         main
     00000562  A$main$113                         main
     00000564  A$main$117                         main
     00000564  C$main.c$36$1_0$136                main
     00000566  A$main$118                         main
     00000568  A$main$119                         main
     0000056A  A$main$127                         main
     0000056A  C$main.c$37$1_0$136                main
     0000056A  XG$init_gfx$0$0                    main
     0000056B  A$main$140                         main
     0000056B  C$main.c$40$1_0$138                main
     0000056B  C$main.c$48$1_0$138                main
     0000056B  G$init$0$0                         main
     0000056B  _init                              main
     0000056E  A$main$144                         main
     0000056E  C$main.c$50$1_0$138                main
     00000571  A$main$155                         main
     00000571  C$main.c$51$1_0$138                main
     00000571  C$main.c$52$1_0$138                main
     00000571  XG$init$0$0                        main
     00000574  A$main$168                         main
     00000574  C$main.c$56$1_0$139                main
     00000574  C$main.c$58$1_0$139                main
     00000574  G$main$0$0                         main
     00000574  _main                              main
     00000577  A$main$172                         main
     00000577  C$main.c$59$1_0$139                main
     0000057A  A$main$173                         main
     0000057C  A$main$181                         main
     0000057C  C$main.c$61$1_0$139                main
ASxxxx Linker V03.00 + NoICE + sdld,  page 18.
Hexadecimal  [32-Bits]

Area                                    Addr        Size        Decimal Bytes (Attributes)
--------------------------------        ----        ----        ------- ----- ------------
_CODE                               00000200    00002DB4 =       11700. bytes (REL,CON)

      Value  Global                              Global Defined In Module
      -----  --------------------------------   ------------------------
     0000057C  C$main.c$63$2_0$140                main
     0000057F  A$main$182                         main
     00000580  A$main$183                         main
     00000582  A$main$184                         main
     00000585  A$main$185                         main
     00000586  A$main$186                         main
     00000588  A$main$187                         main
     0000058B  A$main$188                         main
     0000058D  A$main$189                         main
     0000058F  A$main$190                         main
     00000592  A$main$191                         main
     00000594  A$main$192                         main
     00000596  A$main$193                         main
     00000598  A$main$201                         main
     00000598  C$main.c$65$3_0$141                main
     00000598  C$main.c$66$3_0$141                main
     0000059A  A$main$202                         main
     0000059C  A$main$203                         main
     0000059E  A$main$207                         main
     0000059E  C$main.c$68$3_0$141                main
     000005A1  A$main$208                         main
     000005A4  A$main$212                         main
     000005A4  C$main.c$69$3_0$141                main
     000005A7  A$main$213                         main
     000005A9  A$main$217                         main
     000005A9  C$main.c$70$3_0$141                main
     000005AB  A$main$225                         main
     000005AB  C$main.c$72$3_0$141                main
     000005AB  C$main.c$74$3_0$141                main
     000005AE  A$main$226                         main
     000005B0  A$main$230                         main
     000005B0  C$main.c$75$3_0$141                main
     000005B1  A$main$231                         main
     000005B4  A$main$232                         main
     000005B7  A$main$236                         main
     000005B7  C$main.c$76$3_0$141                main
     000005B9  A$main$237                         main
     000005BB  A$main$238                         main
     000005BD  A$main$242                         main
     000005BD  C$main.c$77$3_0$141                main
     000005C0  A$main$246                         main
     000005C0  C$main.c$78$3_0$141                main
     000005C3  A$main$247                         main
     000005C5  A$main$251                         main
     000005C5  C$main.c$79$3_0$141                main
     000005C7  A$main$259                         main
     000005C7  C$main.c$81$3_0$141                main
     000005C7  C$main.c$82$3_0$141                main
     000005CA  A$main$263                         main
     000005CA  C$main.c$83$3_0$141                main
     000005CD  A$main$264                         main
ASxxxx Linker V03.00 + NoICE + sdld,  page 19.
Hexadecimal  [32-Bits]

Area                                    Addr        Size        Decimal Bytes (Attributes)
--------------------------------        ----        ----        ------- ----- ------------
_CODE                               00000200    00002DB4 =       11700. bytes (REL,CON)

      Value  Global                              Global Defined In Module
      -----  --------------------------------   ------------------------
     000005CF  A$main$268                         main
     000005CF  C$main.c$84$3_0$141                main
     000005D1  A$main$276                         main
     000005D1  C$main.c$86$3_0$141                main
     000005D1  C$main.c$87$3_0$141                main
     000005D4  A$main$277                         main
     000005D7  A$main$281                         main
     000005D7  C$main.c$88$3_0$141                main
     000005DA  A$main$282                         main
     000005DC  A$main$293                         main
     000005DC  C$main.c$90$1_0$139                main
     000005DC  C$main.c$92$1_0$139                main
     000005DC  XG$main$0$0                        main
     000005DE  G$scx_table_1$0_0$0                lookup_tables
     000005DE  _scx_table_1                       lookup_tables
     00000C17  G$scx_table_straight$0_0$0         lookup_tables
     00000C17  _scx_table_straight                lookup_tables
     00000D38  G$scx_table_1_SZ$0_0$0             lookup_tables
     00000D38  _scx_table_1_SZ                    lookup_tables
     00000D3A  G$scx_table_straight_SZ$0_0$0      lookup_tables
     00000D3A  _scx_table_straight_SZ             lookup_tables
     00000D3C  A$entity_ship$85                   entity_ship
     00000D3C  C$entity_ship.c$30$0_0$137         entity_ship
     00000D3C  C$entity_ship.c$31$1_0$137         entity_ship
     00000D3C  G$entity_ship_init$0$0             entity_ship
     00000D3C  _entity_ship_init                  entity_ship
     00000D3F  A$entity_ship$86                   entity_ship
     00000D40  A$entity_ship$87                   entity_ship
     00000D41  A$entity_ship$88                   entity_ship
     00000D43  A$entity_ship$92                   entity_ship
     00000D43  C$entity_ship.c$32$1_0$137         entity_ship
     00000D46  A$entity_ship$93                   entity_ship
     00000D47  A$entity_ship$94                   entity_ship
     00000D48  A$entity_ship$95                   entity_ship
     00000D4A  A$entity_ship$99                   entity_ship
     00000D4A  C$entity_ship.c$33$1_0$137         entity_ship
     00000D4D  A$entity_ship$100                  entity_ship
     00000D4E  A$entity_ship$101                  entity_ship
     00000D4F  A$entity_ship$102                  entity_ship
     00000D50  A$entity_ship$106                  entity_ship
     00000D50  C$entity_ship.c$34$1_0$137         entity_ship
     00000D53  A$entity_ship$107                  entity_ship
     00000D55  A$entity_ship$111                  entity_ship
     00000D55  C$entity_ship.c$35$1_0$137         entity_ship
     00000D58  A$entity_ship$112                  entity_ship
     00000D5A  A$entity_ship$116                  entity_ship
     00000D5A  C$entity_ship.c$36$1_0$137         entity_ship
     00000D5B  A$entity_ship$117                  entity_ship
     00000D5E  A$entity_ship$118                  entity_ship
     00000D5F  A$entity_ship$119                  entity_ship
     00000D60  A$entity_ship$127                  entity_ship
ASxxxx Linker V03.00 + NoICE + sdld,  page 20.
Hexadecimal  [32-Bits]

Area                                    Addr        Size        Decimal Bytes (Attributes)
--------------------------------        ----        ----        ------- ----- ------------
_CODE                               00000200    00002DB4 =       11700. bytes (REL,CON)

      Value  Global                              Global Defined In Module
      -----  --------------------------------   ------------------------
     00000D60  C$entity_ship.c$37$1_0$137         entity_ship
     00000D60  XG$entity_ship_init$0$0            entity_ship
     00000D61  A$entity_ship$140                  entity_ship
     00000D61  C$entity_ship.c$45$1_0$139         entity_ship
     00000D61  C$entity_ship.c$47$1_0$139         entity_ship
     00000D61  Fentity_ship$ship_handle_input$0   entity_ship
     00000D64  A$entity_ship$141                  entity_ship
     00000D66  A$entity_ship$142                  entity_ship
     00000D67  A$entity_ship$143                  entity_ship
     00000D69  A$entity_ship$144                  entity_ship
     00000D6A  A$entity_ship$145                  entity_ship
     00000D6B  A$entity_ship$146                  entity_ship
     00000D6C  A$entity_ship$147                  entity_ship
     00000D6E  A$entity_ship$148                  entity_ship
     00000D6F  A$entity_ship$149                  entity_ship
     00000D71  A$entity_ship$150                  entity_ship
     00000D72  A$entity_ship$151                  entity_ship
     00000D74  A$entity_ship$155                  entity_ship
     00000D74  C$entity_ship.c$50$2_0$140         entity_ship
     00000D77  A$entity_ship$156                  entity_ship
     00000D78  A$entity_ship$157                  entity_ship
     00000D79  A$entity_ship$158                  entity_ship
     00000D7A  A$entity_ship$159                  entity_ship
     00000D7B  A$entity_ship$160                  entity_ship
     00000D7C  A$entity_ship$162                  entity_ship
     00000D7D  A$entity_ship$163                  entity_ship
     00000D7F  A$entity_ship$167                  entity_ship
     00000D7F  C$entity_ship.c$51$3_0$141         entity_ship
     00000D80  A$entity_ship$168                  entity_ship
     00000D81  A$entity_ship$169                  entity_ship
     00000D82  A$entity_ship$170                  entity_ship
     00000D83  A$entity_ship$174                  entity_ship
     00000D85  A$entity_ship$175                  entity_ship
     00000D86  A$entity_ship$176                  entity_ship
     00000D87  A$entity_ship$177                  entity_ship
     00000D89  A$entity_ship$178                  entity_ship
     00000D8A  A$entity_ship$179                  entity_ship
     00000D8B  A$entity_ship$180                  entity_ship
     00000D8C  A$entity_ship$181                  entity_ship
     00000D8D  A$entity_ship$182                  entity_ship
     00000D8E  A$entity_ship$183                  entity_ship
     00000D8F  A$entity_ship$188                  entity_ship
     00000D8F  C$entity_ship.c$53$2_0$140         entity_ship
     00000D92  A$entity_ship$189                  entity_ship
     00000D94  A$entity_ship$193                  entity_ship
     00000D94  C$entity_ship.c$54$2_0$140         entity_ship
     00000D96  A$entity_ship$201                  entity_ship
     00000D96  C$entity_ship.c$56$2_0$140         entity_ship
     00000D96  C$entity_ship.c$57$2_0$140         entity_ship
     00000D99  A$entity_ship$202                  entity_ship
     00000D9A  A$entity_ship$203                  entity_ship
ASxxxx Linker V03.00 + NoICE + sdld,  page 21.
Hexadecimal  [32-Bits]

Area                                    Addr        Size        Decimal Bytes (Attributes)
--------------------------------        ----        ----        ------- ----- ------------
_CODE                               00000200    00002DB4 =       11700. bytes (REL,CON)

      Value  Global                              Global Defined In Module
      -----  --------------------------------   ------------------------
     00000D9B  A$entity_ship$204                  entity_ship
     00000D9D  A$entity_ship$205                  entity_ship
     00000D9F  A$entity_ship$209                  entity_ship
     00000D9F  C$entity_ship.c$58$3_0$142         entity_ship
     00000DA2  A$entity_ship$210                  entity_ship
     00000DA3  A$entity_ship$211                  entity_ship
     00000DA4  A$entity_ship$212                  entity_ship
     00000DA5  A$entity_ship$213                  entity_ship
     00000DA8  A$entity_ship$214                  entity_ship
     00000DA9  A$entity_ship$215                  entity_ship
     00000DAA  A$entity_ship$216                  entity_ship
     00000DAB  A$entity_ship$217                  entity_ship
     00000DAE  A$entity_ship$218                  entity_ship
     00000DAF  A$entity_ship$219                  entity_ship
     00000DB0  A$entity_ship$220                  entity_ship
     00000DB1  A$entity_ship$225                  entity_ship
     00000DB1  C$entity_ship.c$60$2_0$140         entity_ship
     00000DB4  A$entity_ship$226                  entity_ship
     00000DB6  A$entity_ship$234                  entity_ship
     00000DB6  C$entity_ship.c$62$1_0$139         entity_ship
     00000DB6  C$entity_ship.c$65$1_0$139         entity_ship
     00000DB9  A$entity_ship$235                  entity_ship
     00000DBB  A$entity_ship$236                  entity_ship
     00000DBC  A$entity_ship$237                  entity_ship
     00000DBE  A$entity_ship$238                  entity_ship
     00000DBF  A$entity_ship$239                  entity_ship
     00000DC1  A$entity_ship$240                  entity_ship
     00000DC2  A$entity_ship$241                  entity_ship
     00000DC4  A$entity_ship$242                  entity_ship
     00000DC5  A$entity_ship$243                  entity_ship
     00000DC7  A$entity_ship$244                  entity_ship
     00000DC8  A$entity_ship$245                  entity_ship
     00000DCA  A$entity_ship$246                  entity_ship
     00000DCC  A$entity_ship$254                  entity_ship
     00000DCC  C$entity_ship.c$67$2_0$143         entity_ship
     00000DCC  C$entity_ship.c$68$2_0$143         entity_ship
     00000DCF  A$entity_ship$255                  entity_ship
     00000DD0  A$entity_ship$256                  entity_ship
     00000DD1  A$entity_ship$257                  entity_ship
     00000DD2  A$entity_ship$258                  entity_ship
     00000DD3  A$entity_ship$259                  entity_ship
     00000DD4  A$entity_ship$260                  entity_ship
     00000DD6  A$entity_ship$261                  entity_ship
     00000DD7  A$entity_ship$262                  entity_ship
     00000DD9  A$entity_ship$266                  entity_ship
     00000DD9  C$entity_ship.c$69$3_0$144         entity_ship
     00000DDC  A$entity_ship$267                  entity_ship
     00000DDD  A$entity_ship$268                  entity_ship
     00000DDE  A$entity_ship$269                  entity_ship
     00000DDF  A$entity_ship$270                  entity_ship
     00000DE0  A$entity_ship$271                  entity_ship
ASxxxx Linker V03.00 + NoICE + sdld,  page 22.
Hexadecimal  [32-Bits]

Area                                    Addr        Size        Decimal Bytes (Attributes)
--------------------------------        ----        ----        ------- ----- ------------
_CODE                               00000200    00002DB4 =       11700. bytes (REL,CON)

      Value  Global                              Global Defined In Module
      -----  --------------------------------   ------------------------
     00000DE2  A$entity_ship$272                  entity_ship
     00000DE3  A$entity_ship$273                  entity_ship
     00000DE4  A$entity_ship$274                  entity_ship
     00000DE6  A$entity_ship$275                  entity_ship
     00000DE7  A$entity_ship$276                  entity_ship
     00000DEA  A$entity_ship$277                  entity_ship
     00000DEB  A$entity_ship$278                  entity_ship
     00000DEC  A$entity_ship$279                  entity_ship
     00000DED  A$entity_ship$283                  entity_ship
     00000DED  C$entity_ship.c$71$2_0$143         entity_ship
     00000DEF  A$entity_ship$291                  entity_ship
     00000DEF  C$entity_ship.c$73$2_0$143         entity_ship
     00000DEF  C$entity_ship.c$74$2_0$143         entity_ship
     00000DF2  A$entity_ship$292                  entity_ship
     00000DF3  A$entity_ship$293                  entity_ship
     00000DF4  A$entity_ship$294                  entity_ship
     00000DF6  A$entity_ship$295                  entity_ship
     00000DF8  A$entity_ship$299                  entity_ship
     00000DF8  C$entity_ship.c$75$3_0$145         entity_ship
     00000DFB  A$entity_ship$300                  entity_ship
     00000DFC  A$entity_ship$301                  entity_ship
     00000DFD  A$entity_ship$302                  entity_ship
     00000DFE  A$entity_ship$303                  entity_ship
     00000E01  A$entity_ship$304                  entity_ship
     00000E02  A$entity_ship$305                  entity_ship
     00000E03  A$entity_ship$306                  entity_ship
     00000E04  A$entity_ship$307                  entity_ship
     00000E07  A$entity_ship$308                  entity_ship
     00000E08  A$entity_ship$309                  entity_ship
     00000E09  A$entity_ship$310                  entity_ship
     00000E0A  A$entity_ship$318                  entity_ship
     00000E0A  C$entity_ship.c$78$1_0$139         entity_ship
     00000E0A  C$entity_ship.c$81$1_0$139         entity_ship
     00000E0D  A$entity_ship$319                  entity_ship
     00000E0F  A$entity_ship$320                  entity_ship
     00000E10  A$entity_ship$321                  entity_ship
     00000E13  A$entity_ship$322                  entity_ship
     00000E15  A$entity_ship$323                  entity_ship
     00000E16  A$entity_ship$327                  entity_ship
     00000E16  C$entity_ship.c$82$2_0$146         entity_ship
     00000E19  A$entity_ship$328                  entity_ship
     00000E1B  A$entity_ship$329                  entity_ship
     00000E1C  A$entity_ship$333                  entity_ship
     00000E1C  C$entity_ship.c$84$3_0$147         entity_ship
     00000E1F  A$entity_ship$334                  entity_ship
     00000E21  A$entity_ship$338                  entity_ship
     00000E21  C$entity_ship.c$86$3_0$147         entity_ship
     00000E24  A$entity_ship$339                  entity_ship
     00000E25  A$entity_ship$340                  entity_ship
     00000E26  A$entity_ship$341                  entity_ship
     00000E28  A$entity_ship$345                  entity_ship
ASxxxx Linker V03.00 + NoICE + sdld,  page 23.
Hexadecimal  [32-Bits]

Area                                    Addr        Size        Decimal Bytes (Attributes)
--------------------------------        ----        ----        ------- ----- ------------
_CODE                               00000200    00002DB4 =       11700. bytes (REL,CON)

      Value  Global                              Global Defined In Module
      -----  --------------------------------   ------------------------
     00000E28  C$entity_ship.c$87$3_0$147         entity_ship
     00000E2B  A$entity_ship$346                  entity_ship
     00000E2D  A$entity_ship$354                  entity_ship
     00000E2D  C$entity_ship.c$92$1_0$139         entity_ship
     00000E2D  XFentity_ship$ship_handle_input$   entity_ship
     00000E2E  A$entity_ship$364                  entity_ship
     00000E2E  C$entity_ship.c$96$1_0$149         entity_ship
     00000E2E  G$entity_ship_update$0$0           entity_ship
     00000E2E  _entity_ship_update                entity_ship
     00000E2F  A$entity_ship$365                  entity_ship
     00000E31  A$entity_ship$366                  entity_ship
     00000E32  A$entity_ship$370                  entity_ship
     00000E32  C$entity_ship.c$98$1_0$149         entity_ship
     00000E35  A$entity_ship$371                  entity_ship
     00000E37  A$entity_ship$375                  entity_ship
     00000E37  C$entity_ship.c$104$1_0$149        entity_ship
     00000E3A  A$entity_ship$376                  entity_ship
     00000E3B  A$entity_ship$377                  entity_ship
     00000E3C  A$entity_ship$381                  entity_ship
     00000E3C  C$entity_ship.c$100$1_0$149        entity_ship
     00000E3F  A$entity_ship$382                  entity_ship
     00000E40  A$entity_ship$383                  entity_ship
[...]
ASxxxx Linker V03.00 + NoICE + sdld,  page 56.
Hexadecimal  [32-Bits]

Area                                    Addr        Size        Decimal Bytes (Attributes)
--------------------------------        ----        ----        ------- ----- ------------
_HEADER7                            00000000    00000006 =           6. bytes (ABS,CON)

      Value  Global                              Global Defined In Module
      -----  --------------------------------   ------------------------
ASxxxx Linker V03.00 + NoICE + sdld,  page 57.
Hexadecimal  [32-Bits]

Area                                    Addr        Size        Decimal Bytes (Attributes)
--------------------------------        ----        ----        ------- ----- ------------
_HEADER8                            00000000    00000003 =           3. bytes (ABS,CON)

      Value  Global                              Global Defined In Module
      -----  --------------------------------   ------------------------
ASxxxx Linker V03.00 + NoICE + sdld,  page 58.
Hexadecimal  [32-Bits]

Area                                    Addr        Size        Decimal Bytes (Attributes)
--------------------------------        ----        ----        ------- ----- ------------
_HEADER9                            00000000    00000001 =           1. bytes (ABS,CON)

      Value  Global                              Global Defined In Module
      -----  --------------------------------   ------------------------
ASxxxx Linker V03.00 + NoICE + sdld,  page 59.
Hexadecimal  [32-Bits]

Area                                    Addr        Size        Decimal Bytes (Attributes)
--------------------------------        ----        ----        ------- ----- ------------
_HEADERa                            00000000    00000001 =           1. bytes (ABS,CON)

      Value  Global                              Global Defined In Module
      -----  --------------------------------   ------------------------
ASxxxx Linker V03.00 + NoICE + sdld,  page 60.
Hexadecimal  [32-Bits]

Area                                    Addr        Size        Decimal Bytes (Attributes)
--------------------------------        ----        ----        ------- ----- ------------
_HEADERb                            00000000    00000001 =           1. bytes (ABS,CON)

      Value  Global                              Global Defined In Module
      -----  --------------------------------   ------------------------
ASxxxx Linker V03.00 + NoICE + sdld,  page 61.
Hexadecimal  [32-Bits]

Area                                    Addr        Size        Decimal Bytes (Attributes)
--------------------------------        ----        ----        ------- ----- ------------
_HEADERc                            00000000    00000002 =           2. bytes (ABS,CON)

      Value  Global                              Global Defined In Module
      -----  --------------------------------   ------------------------
ASxxxx Linker V03.00 + NoICE + sdld,  page 62.
Hexadecimal  [32-Bits]

Area                                    Addr        Size        Decimal Bytes (Attributes)
--------------------------------        ----        ----        ------- ----- ------------
_HEADERd                            00000000    00000001 =           1. bytes (ABS,CON)

      Value  Global                              Global Defined In Module
      -----  --------------------------------   ------------------------
ASxxxx Linker V03.00 + NoICE + sdld,  page 63.
Hexadecimal  [32-Bits]

Area                                    Addr        Size        Decimal Bytes (Attributes)
--------------------------------        ----        ----        ------- ----- ------------
_HEADERe                            00000000    00000001 =           1. bytes (ABS,CON)

      Value  Global                              Global Defined In Module
      -----  --------------------------------   ------------------------
ASxxxx Linker V03.00 + NoICE + sdld,  page 64.
Hexadecimal  [32-Bits]

Area                                    Addr        Size        Decimal Bytes (Attributes)
--------------------------------        ----        ----        ------- ----- ------------
_HEADERf                            00000000    00000002 =           2. bytes (ABS,CON)

      Value  Global                              Global Defined In Module
      -----  --------------------------------   ------------------------
ASxxxx Linker V03.00 + NoICE + sdld,  page 65.
Hexadecimal  [32-Bits]

Area                                    Addr        Size        Decimal Bytes (Attributes)
--------------------------------        ----        ----        ------- ----- ------------
_HEADER10                           00000000    00000084 =         132. bytes (ABS,CON)

      Value  Global                              Global Defined In Module
      -----  --------------------------------   ------------------------
     00000150  .reset                             Runtime
     00000150  _reset                             Runtime
     00000157  .code_start                        Runtime
     000001B9  _exit                              Runtime
     000001BD  _set_interrupts                    Runtime

ASxxxx Linker V03.00 + NoICE + sdld,  page 66.
Hexadecimal  [32-Bits]

Area                                    Addr        Size        Decimal Bytes (Attributes)
--------------------------------        ----        ----        ------- ----- ------------
_HEADER11                           00000000    00000001 =           1. bytes (ABS,CON)

      Value  Global                              Global Defined In Module
      -----  --------------------------------   ------------------------
ASxxxx Linker V03.00 + NoICE + sdld,  page 67.
Hexadecimal  [32-Bits]

Area                                    Addr        Size        Decimal Bytes (Attributes)
--------------------------------        ----        ----        ------- ----- ------------
_HOME                               00002FB4    000002A1 =         673. bytes (REL,CON)

      Value  Global                              Global Defined In Module
      -----  --------------------------------   ------------------------
     00002FB4  .memset_simple                     Runtime
     00002FBD  .memcpy_simple                     Runtime
     00002FDA  .remove_VBL                        Runtime
     00002FDD  .remove_int                        Runtime
     00002FFA  .add_VBL                           Runtime
     00002FFD  .add_int                           Runtime
     00003008  .wait_vbl_done                     Runtime
     00003008  _wait_vbl_done                     Runtime
     00003018  .display_off                       Runtime
     00003018  _display_off                       Runtime
     00003030  _remove_VBL                        Runtime
     0000303B  _add_VBL                           Runtime
     00003046  _rand                              
     00003046  _randw                             
     00003071  _initrand                          
     00003073  .initrand                          
     0000307C  _uint2bcd                          bcd
     000030A7  _bcd_add                           bcd
     000030C5  _bcd_sub                           bcd
     000030E6  _bcd2text                          bcd
     0000312A  _set_win_tiles                     
     0000313E  _set_tile_data                     
     00003143  _set_bkg_data                      
     00003143  _set_win_data                      
     0000314B  _set_sprite_data                   
     0000317B  .padup                             
     0000317B  _waitpadup                         
     0000318B  .jpad                              
     0000318B  _joypad                            
     000031B3  _waitpad                           
     000031B4  .wait_pad                          
     000031BB  .delay                             
     000031BB  _delay                             
     000031E7  .set_xy_wtt                        SetTileMap
     000031F0  .set_xy_btt                        SetTileMap
     000031FF  .set_xy_tt                         SetTileMap
     00003241  _set_bkg_tiles                     

ASxxxx Linker V03.00 + NoICE + sdld,  page 68.
Hexadecimal  [32-Bits]

Area                                    Addr        Size        Decimal Bytes (Attributes)
--------------------------------        ----        ----        ------- ----- ------------
_INITIALIZER                        00003255    00000009 =           9. bytes (REL,CON)

      Value  Global                              Global Defined In Module
      -----  --------------------------------   ------------------------
     00003255  Finput$__xinit_keys$0_0$0          input
     00003256  Finput$__xinit_previous_keys$0_0   input
     00003257  Finput$__xinit_key_repeat_count$   input
     00003258  Fgameplay$__xinit_spr_waves_offs   gameplay
     0000325A  Fmap_fx$__xinit_mapfx_y_parallax   map_fx
     0000325B  Fmap_fx$__xinit_mapfx_scx_table_   map_fx
ASxxxx Linker V03.00 + NoICE + sdld,  page 69.
Hexadecimal  [32-Bits]

Area                                    Addr        Size        Decimal Bytes (Attributes)
--------------------------------        ----        ----        ------- ----- ------------
_GSINIT                             0000325E    0000000C =          12. bytes (REL,CON)

      Value  Global                              Global Defined In Module
      -----  --------------------------------   ------------------------
     0000325E  gsinit                             Runtime

ASxxxx Linker V03.00 + NoICE + sdld,  page 70.
Hexadecimal  [32-Bits]

Area                                    Addr        Size        Decimal Bytes (Attributes)
--------------------------------        ----        ----        ------- ----- ------------
_GSFINAL                            0000326A    00000001 =           1. bytes (REL,CON)

      Value  Global                              Global Defined In Module
      -----  --------------------------------   ------------------------
ASxxxx Linker V03.00 + NoICE + sdld,  page 71.
Hexadecimal  [32-Bits]

Area                                    Addr        Size        Decimal Bytes (Attributes)
--------------------------------        ----        ----        ------- ----- ------------
_DATA                               0000C0A0    00000047 =          71. bytes (REL,CON)

      Value  Global                              Global Defined In Module
      -----  --------------------------------   ------------------------
     0000C0A0  __cpu                              Runtime
     0000C0A1  __is_GBA                           Runtime
     0000C0A2  .mode                              Runtime
     0000C0A3  .sys_time                          Runtime
     0000C0A3  _sys_time                          Runtime
     0000C0A5  .int_0x40                          Runtime
     0000C0B1  G$obstacles$0_0$0                  entity_obstacles
     0000C0B1  _obstacles                         entity_obstacles
     0000C0BD  G$obstacles_active_first$0_0$0     entity_obstacles
     0000C0BD  _obstacles_active_first            entity_obstacles
     0000C0BE  G$obstacles_active_last$0_0$0      entity_obstacles
     0000C0BE  _obstacles_active_last             entity_obstacles
     0000C0BF  G$obstacles_active_count$0_0$0     entity_obstacles
     0000C0BF  _obstacles_active_count            entity_obstacles
     0000C0C0  G$obstacles_next_countdown$0_0$0   entity_obstacles
     0000C0C0  _obstacles_next_countdown          entity_obstacles
     0000C0C1  G$obstacles_next_type$0_0$0        entity_obstacles
     0000C0C1  _obstacles_next_type               entity_obstacles
     0000C0C2  G$obstacles_next_isdouble$0_0$0    entity_obstacles
     0000C0C2  _obstacles_next_isdouble           entity_obstacles
     0000C0C3  G$bg_next_free_tile$0_0$0          main
     0000C0C3  _bg_next_free_tile                 main
     0000C0C4  G$spr_next_free_tile$0_0$0         main
     0000C0C4  _spr_next_free_tile                main
     0000C0C5  G$game_state$0_0$0                 main
     0000C0C5  _game_state                        main
     0000C0C6  G$ship_x$0_0$0                     entity_ship
     0000C0C6  _ship_x                            entity_ship
     0000C0C8  G$ship_y$0_0$0                     entity_ship
     0000C0C8  _ship_y                            entity_ship
     0000C0CA  G$ship_z$0_0$0                     entity_ship
     0000C0CA  _ship_z                            entity_ship
     0000C0CC  G$ship_state$0_0$0                 entity_ship
     0000C0CC  _ship_state                        entity_ship
     0000C0CD  G$ship_counter$0_0$0               entity_ship
     0000C0CD  _ship_counter                      entity_ship
     0000C0CE  G$ship_sprite_sel$0_0$0            entity_ship
     0000C0CE  _ship_sprite_sel                   entity_ship
     0000C0CF  G$ship_velocity$0_0$0              entity_ship
     0000C0CF  _ship_velocity                     entity_ship
     0000C0D1  G$oam_high_water$0_0$0             gameplay
     0000C0D1  _oam_high_water                    gameplay
     0000C0D2  G$oam_high_water_prev$0_0$0        gameplay
     0000C0D2  _oam_high_water_prev               gameplay
     0000C0D3  Lgameplay.gameplay_show_gameover   gameplay
     0000C0D4  Lgameplay.gameplay_show_gameover   gameplay
     0000C0D5  Lgameplay.gameplay_show_gameover   gameplay
     0000C0D6  Lgameplay.gameplay_show_gameover   gameplay
     0000C0D7  G$score$0_0$0                      score
     0000C0D7  _score                             score
ASxxxx Linker V03.00 + NoICE + sdld,  page 72.
Hexadecimal  [32-Bits]

Area                                    Addr        Size        Decimal Bytes (Attributes)
--------------------------------        ----        ----        ------- ----- ------------
_DATA                               0000C0A0    00000047 =          71. bytes (REL,CON)

      Value  Global                              Global Defined In Module
      -----  --------------------------------   ------------------------
     0000C0DB  Fmap_fx$mapfx_scx_table_is_inc$0   map_fx
     0000C0DC  G$mapfx_scx_table_start$0_0$0      map_fx
     0000C0DC  _mapfx_scx_table_start             map_fx
     0000C0DE  G$p_scx_table$0_0$0                map_fx
     0000C0DE  _p_scx_table                       map_fx
     0000C0E0  G$p_scx_table_base$0_0$0           map_fx
     0000C0E0  _p_scx_table_base                  map_fx
     0000C0E2  ___rand_seed                       
     0000C0E4  ___current_metasprite              Metasprites
     0000C0E6  ___current_base_tile               Metasprites
ASxxxx Linker V03.00 + NoICE + sdld,  page 73.
Hexadecimal  [32-Bits]

Area                                    Addr        Size        Decimal Bytes (Attributes)
--------------------------------        ----        ----        ------- ----- ------------
_INITIALIZED                        0000C0E7    00000009 =           9. bytes (REL,CON)

      Value  Global                              Global Defined In Module
      -----  --------------------------------   ------------------------
     0000C0E7  G$keys$0_0$0                       input
     0000C0E7  _keys                              input
     0000C0E8  G$previous_keys$0_0$0              input
     0000C0E8  _previous_keys                     input
     0000C0E9  G$key_repeat_count$0_0$0           input
     0000C0E9  _key_repeat_count                  input
     0000C0EA  G$spr_waves_offsets$0_0$0          gameplay
     0000C0EA  _spr_waves_offsets                 gameplay
     0000C0EC  G$mapfx_y_parallax_speed$0_0$0     map_fx
     0000C0EC  _mapfx_y_parallax_speed            map_fx
     0000C0ED  G$mapfx_scx_table_map_speed$0_0$   map_fx
     0000C0ED  _mapfx_scx_table_map_speed         map_fx
     0000C0EE  ___render_shadow_OAM               Metasprites
     0000C0EF  __map_tile_offset                  SetTileMap

ASxxxx Linker V03.00 + NoICE + sdld,  page 74.
Hexadecimal  [32-Bits]

Area                                    Addr        Size        Decimal Bytes (Attributes)
--------------------------------        ----        ----        ------- ----- ------------
_HRAM12                             00000000    00000003 =           3. bytes (ABS,CON)

      Value  Global                              Global Defined In Module
      -----  --------------------------------   ------------------------
     0000FF90  __current_bank                     Runtime
     0000FF92  __shadow_OAM_base                  Runtime

ASxxxx Linker V03.00 + NoICE + sdld,  page 75.
Hexadecimal  [32-Bits]

Area                                    Addr        Size        Decimal Bytes (Attributes)
--------------------------------        ----        ----        ------- ----- ------------
_CABS0                              00000000    00000003 =           3. bytes (ABS,CON)

      Value  Global                              Global Defined In Module
      -----  --------------------------------   ------------------------
     00000048  Fmap_fx$__ISR_VECTOR_STAT$0_0$0    map_fx

ASxxxx Linker V03.00 + NoICE + sdld,  page 76.

Files Linked                              [ module(s) ]

../../gbdk2020/gbdk-2020-git/build/gbdk/lib/gb/crt0.o
                                          [ Runtime ]
obj/gb/mbc5/entity_collisions.o           [ entity_collisions ]
obj/gb/mbc5/entity_obstacles.o            [ entity_obstacles ]
obj/gb/mbc5/main.o                        [ main ]
obj/gb/mbc5/lookup_tables.o               [ lookup_tables ]
obj/gb/mbc5/entity_ship.o                 [ entity_ship ]
obj/gb/mbc5/gfx.o                         [ gfx ]
obj/gb/mbc5/input.o                       [ input ]
obj/gb/mbc5/gameplay.o                    [ gameplay ]
obj/gb/mbc5/score.o                       [ score ]
obj/gb/mbc5/fade.o                        [ fade ]
obj/gb/mbc5/splash_screen.o               [ splash_screen ]
obj/gb/mbc5/map_fx.o                      [ map_fx ]
obj/gb/mbc5/sprite_ship.o                 [ sprite_ship ]
obj/gb/mbc5/game_over.o                   [ game_over ]
obj/gb/mbc5/map_canyon.o                  [ map_canyon ]
obj/gb/mbc5/tiles_font_nums.o             [ tiles_font_nums ]
obj/gb/mbc5/sprite_obstacles.o            [ sprite_obstacles ]
obj/gb/mbc5/splash_logo.o                 [ splash_logo ]
obj/gb/mbc5/cartsave.o                    [ cartsave ]


Libraries Linked                          [ object file ]

../../gbdk2020/gbdk-2020-git/build/gbdk/lib/sm83/sm83.lib
                                          [ rand.o ]
../../gbdk2020/gbdk-2020-git/build/gbdk/lib/gb/gb.lib
                                          [ sfr.o ]
../../gbdk2020/gbdk-2020-git/build/gbdk/lib/gb/gb.lib
                                          [ metasprites_hide_spr.o ]
../../gbdk2020/gbdk-2020-git/build/gbdk/lib/sm83/sm83.lib
                                          [ bcd.o ]
../../gbdk2020/gbdk-2020-git/build/gbdk/lib/gb/gb.lib
                                          [ set_wi_t.o ]
../../gbdk2020/gbdk-2020-git/build/gbdk/lib/gb/gb.lib
                                          [ set_data.o ]
../../gbdk2020/gbdk-2020-git/build/gbdk/lib/gb/gb.lib
                                          [ pad.o ]
../../gbdk2020/gbdk-2020-git/build/gbdk/lib/gb/gb.lib
                                          [ metasprites.o ]
../../gbdk2020/gbdk-2020-git/build/gbdk/lib/gb/gb.lib
                                          [ delay.o ]
../../gbdk2020/gbdk-2020-git/build/gbdk/lib/gb/gb.lib
                                          [ set_xy_t.o ]
../../gbdk2020/gbdk-2020-git/build/gbdk/lib/gb/gb.lib
                                          [ set_bk_t.o ]

ASxxxx Linker V03.00 + NoICE + sdld,  page 77.

User Base Address Definitions

_DATA=0xC0A0
_CODE=0x0200
ASxxxx Linker V03.00 + NoICE + sdld,  page 78.

User Global Definitions

_shadow_OAM=0xC000
.STACK=0xE000
.refresh_OAM=0xFF80

